exports[`test Comment should be rendered 1`] = `
<div
  className="Comment panel panel-default"
  id={undefined}>
  <div
    className="panel-body">
    <section
      className="content">
      I am a comment
    </section>
  </div>
</div>
`;
