exports[`test InlineComment should be rendered 1`] = `
<div
  className="InlineComment" />
`;
