exports[`test PostPreview should be rendered 1`] = `
<div
  className="PostPreview">
  <h3>
    <a
      onClick={[Function]}
      style={Object {}}>
      foo
    </a>
  </h3>
  <section>
    this is not bar
  </section>
</div>
`;
