exports[`test Post should be rendered 1`] = `
<div
  className="Post">
  <h2
    className="title">
    Test
  </h2>
  <div
    onMouseUp={undefined}>
    <div
      className="PostContentContainer">
      <section>
        I am post
      </section>
    </div>
  </div>
</div>
`;
